QA output created by 007
Format and mount
Corrupt filesystem
Remount, try to append
Write did not succeed (ok).
