QA output created by 158
Format and mount
Create the original files
Try cross-device dedupe
XFS_IOC_FILE_EXTENT_SAME: Invalid cross-device link
Try unaligned dedupe
XFS_IOC_FILE_EXTENT_SAME: Invalid argument
Try overlapping dedupe
XFS_IOC_FILE_EXTENT_SAME: Invalid argument
Try dedupe from past EOF
XFS_IOC_FILE_EXTENT_SAME: Invalid argument
Try dedupe to past EOF, destination offset beyond EOF
XFS_IOC_FILE_EXTENT_SAME: Invalid argument
Try dedupe to past EOF, destination offset behind EOF
XFS_IOC_FILE_EXTENT_SAME: Invalid argument
Try to dedupe a dir
XFS_IOC_FILE_EXTENT_SAME: Is a directory
Try to dedupe a device
XFS_IOC_FILE_EXTENT_SAME: Invalid argument
Try to dedupe to a dir
TEST_DIR/test-158/dir1: Is a directory
Try to dedupe to a device
XFS_IOC_FILE_EXTENT_SAME: Invalid argument
Try to dedupe to a fifo
XFS_IOC_FILE_EXTENT_SAME: Invalid argument
Try to dedupe an append-only file
Dedupe two files
