QA output created by 174
Format and mount
Reformat with appropriate size
Create a big file and reflink it
Allocate the rest of the space
CoW the big file
pwrite: No space left on device
Remount and try CoW again
pwrite: No space left on device
