QA output created by 360
36c1641ab5d82b582cd2baa1ace16277  -
