QA output created by 377
xattr: user.foo
xattr: user.hello
xattr: user.ping
listxattr: No such file or directory
listxattr: Numerical result out of range
listxattr: Numerical result out of range
listxattr: Numerical result out of range
xattr: user.foo
xattr: user.hello
xattr: user.ping
