QA output created by 378
Permission denied
Permission denied
