QA output created by 380
mkfs on scratch
mount with quotas
creating quota file with holes
..........
now fill in the holes
........................................................................................................................................................................................................................................................................................................................................................................................................................................................................................................................................................................................................................................................................................................................................................................................................................................................................................................................................................................................................................................
look at the final file ownership for fun
1999 1999 SCRATCH_MNT/file.chown
