QA output created by 381
== user test ==
=== quota command output ===
SCRATCH_DEV 0 102400 204800 00 [--------] SCRATCH_MNT
=== report command output ===
123456-fsgqa 0 102400 204800 00 [--------]

== group test ==
=== quota command output ===
SCRATCH_DEV 0 102400 204800 00 [--------] SCRATCH_MNT
=== report command output ===
123456-fsgqa 0 102400 204800 00 [--------]

