QA output created by 399
PASS: ciphertexts were not repeated for contents
2
