QA output created by 401
. d
.. d
b b
c c
d d
f f
l l
p p
