QA output created by 410
make-shared a shared mount
before make-shared run on shared
------
TEST_DIR/410 SCRATCH_DEV
mpA SCRATCH_DEV
mpA/dir SCRATCH_DEV
mpB SCRATCH_DEV
mpB/dir SCRATCH_DEV
mpC SCRATCH_DEV
mpC/dir SCRATCH_DEV
======
------
TEST_DIR/410 SCRATCH_DEV
mpA SCRATCH_DEV
mpA/dir SCRATCH_DEV
mpB SCRATCH_DEV
mpB/dir SCRATCH_DEV
mpC SCRATCH_DEV
mpC/dir SCRATCH_DEV
======
------
TEST_DIR/410 SCRATCH_DEV
mpA SCRATCH_DEV
mpA/dir SCRATCH_DEV
mpB SCRATCH_DEV
mpB/dir SCRATCH_DEV
mpC SCRATCH_DEV
mpC/dir SCRATCH_DEV
======
after make-shared run on shared
------
TEST_DIR/410 SCRATCH_DEV
mpA SCRATCH_DEV
mpA/dir SCRATCH_DEV
mpB SCRATCH_DEV
mpB/dir SCRATCH_DEV
mpC SCRATCH_DEV
mpC/dir SCRATCH_DEV
======
------
TEST_DIR/410 SCRATCH_DEV
mpA SCRATCH_DEV
mpA/dir SCRATCH_DEV
mpB SCRATCH_DEV
mpB/dir SCRATCH_DEV
mpC SCRATCH_DEV
mpC/dir SCRATCH_DEV
======
------
TEST_DIR/410 SCRATCH_DEV
mpA SCRATCH_DEV
mpA/dir SCRATCH_DEV
mpB SCRATCH_DEV
mpB/dir SCRATCH_DEV
mpC SCRATCH_DEV
mpC/dir SCRATCH_DEV
======
make-shared a slave mount
before make-shared run on slave
------
TEST_DIR/410 SCRATCH_DEV
mpA SCRATCH_DEV
mpA/dir SCRATCH_DEV
mpB SCRATCH_DEV
mpB/dir SCRATCH_DEV
mpC SCRATCH_DEV
mpC/dir SCRATCH_DEV
======
------
TEST_DIR/410 SCRATCH_DEV
mpA SCRATCH_DEV
mpB SCRATCH_DEV
mpB/dir SCRATCH_DEV
mpC SCRATCH_DEV
======
------
TEST_DIR/410 SCRATCH_DEV
mpA SCRATCH_DEV
mpB SCRATCH_DEV
mpC SCRATCH_DEV
mpC/dir SCRATCH_DEV
======
after make-shared run on slave
------
TEST_DIR/410 SCRATCH_DEV
mpA SCRATCH_DEV
mpA/dir SCRATCH_DEV
mpB SCRATCH_DEV
mpB/dir SCRATCH_DEV
mpC SCRATCH_DEV
mpC/dir SCRATCH_DEV
======
------
TEST_DIR/410 SCRATCH_DEV
mpA SCRATCH_DEV
mpB SCRATCH_DEV
mpB/dir SCRATCH_DEV
mpC SCRATCH_DEV
mpC/dir SCRATCH_DEV
======
------
TEST_DIR/410 SCRATCH_DEV
mpA SCRATCH_DEV
mpB SCRATCH_DEV
mpB/dir SCRATCH_DEV
mpC SCRATCH_DEV
mpC/dir SCRATCH_DEV
======
make-shared a slave shared mount
before make-shared run on slave shared
------
TEST_DIR/410 SCRATCH_DEV
mpA SCRATCH_DEV
mpA/dir SCRATCH_DEV
mpB SCRATCH_DEV
mpB/dir SCRATCH_DEV
mpC SCRATCH_DEV
mpC/dir SCRATCH_DEV
======
------
TEST_DIR/410 SCRATCH_DEV
mpA SCRATCH_DEV
mpB SCRATCH_DEV
mpB/dir SCRATCH_DEV
mpC SCRATCH_DEV
mpC/dir SCRATCH_DEV
======
------
TEST_DIR/410 SCRATCH_DEV
mpA SCRATCH_DEV
mpB SCRATCH_DEV
mpB/dir SCRATCH_DEV
mpC SCRATCH_DEV
mpC/dir SCRATCH_DEV
======
after make-shared run on slave shared
------
TEST_DIR/410 SCRATCH_DEV
mpA SCRATCH_DEV
mpA/dir SCRATCH_DEV
mpB SCRATCH_DEV
mpB/dir SCRATCH_DEV
mpC SCRATCH_DEV
mpC/dir SCRATCH_DEV
======
------
TEST_DIR/410 SCRATCH_DEV
mpA SCRATCH_DEV
mpB SCRATCH_DEV
mpB/dir SCRATCH_DEV
mpC SCRATCH_DEV
mpC/dir SCRATCH_DEV
======
------
TEST_DIR/410 SCRATCH_DEV
mpA SCRATCH_DEV
mpB SCRATCH_DEV
mpB/dir SCRATCH_DEV
mpC SCRATCH_DEV
mpC/dir SCRATCH_DEV
======
make-shared a private mount
before make-shared run on private
------
TEST_DIR/410 SCRATCH_DEV
mpA SCRATCH_DEV
mpA/dir SCRATCH_DEV
mpB SCRATCH_DEV
mpC SCRATCH_DEV
======
------
TEST_DIR/410 SCRATCH_DEV
mpA SCRATCH_DEV
mpB SCRATCH_DEV
mpB/dir SCRATCH_DEV
mpC SCRATCH_DEV
======
------
TEST_DIR/410 SCRATCH_DEV
mpA SCRATCH_DEV
mpB SCRATCH_DEV
mpC SCRATCH_DEV
mpC/dir SCRATCH_DEV
======
after make-shared run on private
------
TEST_DIR/410 SCRATCH_DEV
mpA SCRATCH_DEV
mpA/dir SCRATCH_DEV
mpB SCRATCH_DEV
mpC SCRATCH_DEV
======
------
TEST_DIR/410 SCRATCH_DEV
mpA SCRATCH_DEV
mpB SCRATCH_DEV
mpB/dir SCRATCH_DEV
mpC SCRATCH_DEV
mpC/dir SCRATCH_DEV
======
------
TEST_DIR/410 SCRATCH_DEV
mpA SCRATCH_DEV
mpB SCRATCH_DEV
mpB/dir SCRATCH_DEV
mpC SCRATCH_DEV
mpC/dir SCRATCH_DEV
======
make-shared a unbindable mount
before make-shared run on unbindable
------
TEST_DIR/410 SCRATCH_DEV
mpA SCRATCH_DEV
mpB SCRATCH_DEV
======
after make-shared run on unbindable
------
TEST_DIR/410 SCRATCH_DEV
mpA SCRATCH_DEV
mpA/dir SCRATCH_DEV
mpB SCRATCH_DEV
mpC SCRATCH_DEV
======
------
TEST_DIR/410 SCRATCH_DEV
mpA SCRATCH_DEV
mpB SCRATCH_DEV
mpB/dir SCRATCH_DEV
mpC SCRATCH_DEV
mpC/dir SCRATCH_DEV
======
------
TEST_DIR/410 SCRATCH_DEV
mpA SCRATCH_DEV
mpB SCRATCH_DEV
mpB/dir SCRATCH_DEV
mpC SCRATCH_DEV
mpC/dir SCRATCH_DEV
======
make-slave a shared mount
before make-slave run on shared
------
TEST_DIR/410 SCRATCH_DEV
mpA SCRATCH_DEV
mpA/dir SCRATCH_DEV
mpB SCRATCH_DEV
mpB/dir SCRATCH_DEV
mpC SCRATCH_DEV
mpC/dir SCRATCH_DEV
======
------
TEST_DIR/410 SCRATCH_DEV
mpA SCRATCH_DEV
mpA/dir SCRATCH_DEV
mpB SCRATCH_DEV
mpB/dir SCRATCH_DEV
mpC SCRATCH_DEV
mpC/dir SCRATCH_DEV
======
------
TEST_DIR/410 SCRATCH_DEV
mpA SCRATCH_DEV
mpA/dir SCRATCH_DEV
mpB SCRATCH_DEV
mpB/dir SCRATCH_DEV
mpC SCRATCH_DEV
mpC/dir SCRATCH_DEV
======
after make-slave run on shared
------
TEST_DIR/410 SCRATCH_DEV
mpA SCRATCH_DEV
mpA/dir SCRATCH_DEV
mpB SCRATCH_DEV
mpB/dir SCRATCH_DEV
mpC SCRATCH_DEV
mpC/dir SCRATCH_DEV
======
------
TEST_DIR/410 SCRATCH_DEV
mpA SCRATCH_DEV
mpB SCRATCH_DEV
mpB/dir SCRATCH_DEV
mpC SCRATCH_DEV
======
------
TEST_DIR/410 SCRATCH_DEV
mpA SCRATCH_DEV
mpB SCRATCH_DEV
mpC SCRATCH_DEV
mpC/dir SCRATCH_DEV
======
make-slave a slave mount
before make-slave run on slave
------
TEST_DIR/410 SCRATCH_DEV
mpA SCRATCH_DEV
mpA/dir SCRATCH_DEV
mpB SCRATCH_DEV
mpB/dir SCRATCH_DEV
mpC SCRATCH_DEV
mpC/dir SCRATCH_DEV
======
------
TEST_DIR/410 SCRATCH_DEV
mpA SCRATCH_DEV
mpB SCRATCH_DEV
mpB/dir SCRATCH_DEV
mpC SCRATCH_DEV
======
------
TEST_DIR/410 SCRATCH_DEV
mpA SCRATCH_DEV
mpB SCRATCH_DEV
mpC SCRATCH_DEV
mpC/dir SCRATCH_DEV
======
after make-slave run on slave
------
TEST_DIR/410 SCRATCH_DEV
mpA SCRATCH_DEV
mpA/dir SCRATCH_DEV
mpB SCRATCH_DEV
mpB/dir SCRATCH_DEV
mpC SCRATCH_DEV
mpC/dir SCRATCH_DEV
======
------
TEST_DIR/410 SCRATCH_DEV
mpA SCRATCH_DEV
mpB SCRATCH_DEV
mpB/dir SCRATCH_DEV
mpC SCRATCH_DEV
======
------
TEST_DIR/410 SCRATCH_DEV
mpA SCRATCH_DEV
mpB SCRATCH_DEV
mpC SCRATCH_DEV
mpC/dir SCRATCH_DEV
======
make-slave a slave shared mount
before make-slave run on slave shared
------
TEST_DIR/410 SCRATCH_DEV
mpA SCRATCH_DEV
mpA/dir SCRATCH_DEV
mpB SCRATCH_DEV
mpB/dir SCRATCH_DEV
mpC SCRATCH_DEV
mpC/dir SCRATCH_DEV
======
------
TEST_DIR/410 SCRATCH_DEV
mpA SCRATCH_DEV
mpB SCRATCH_DEV
mpB/dir SCRATCH_DEV
mpC SCRATCH_DEV
mpC/dir SCRATCH_DEV
======
------
TEST_DIR/410 SCRATCH_DEV
mpA SCRATCH_DEV
mpB SCRATCH_DEV
mpB/dir SCRATCH_DEV
mpC SCRATCH_DEV
mpC/dir SCRATCH_DEV
======
after make-slave run on slave shared
------
TEST_DIR/410 SCRATCH_DEV
mpA SCRATCH_DEV
mpA/dir SCRATCH_DEV
mpB SCRATCH_DEV
mpB/dir SCRATCH_DEV
mpC SCRATCH_DEV
mpC/dir SCRATCH_DEV
======
------
TEST_DIR/410 SCRATCH_DEV
mpA SCRATCH_DEV
mpB SCRATCH_DEV
mpB/dir SCRATCH_DEV
mpC SCRATCH_DEV
======
------
TEST_DIR/410 SCRATCH_DEV
mpA SCRATCH_DEV
mpB SCRATCH_DEV
mpC SCRATCH_DEV
mpC/dir SCRATCH_DEV
======
make-slave a private mount
before make-slave run on private
------
TEST_DIR/410 SCRATCH_DEV
mpA SCRATCH_DEV
mpA/dir SCRATCH_DEV
mpB SCRATCH_DEV
mpC SCRATCH_DEV
======
------
TEST_DIR/410 SCRATCH_DEV
mpA SCRATCH_DEV
mpB SCRATCH_DEV
mpB/dir SCRATCH_DEV
mpC SCRATCH_DEV
======
------
TEST_DIR/410 SCRATCH_DEV
mpA SCRATCH_DEV
mpB SCRATCH_DEV
mpC SCRATCH_DEV
mpC/dir SCRATCH_DEV
======
after make-slave run on private
------
TEST_DIR/410 SCRATCH_DEV
mpA SCRATCH_DEV
mpA/dir SCRATCH_DEV
mpB SCRATCH_DEV
mpC SCRATCH_DEV
======
------
TEST_DIR/410 SCRATCH_DEV
mpA SCRATCH_DEV
mpB SCRATCH_DEV
mpB/dir SCRATCH_DEV
mpC SCRATCH_DEV
======
------
TEST_DIR/410 SCRATCH_DEV
mpA SCRATCH_DEV
mpB SCRATCH_DEV
mpC SCRATCH_DEV
mpC/dir SCRATCH_DEV
======
make-slave a unbindable mount
before make-slave run on unbindable
------
TEST_DIR/410 SCRATCH_DEV
mpA SCRATCH_DEV
mpB SCRATCH_DEV
======
after make-slave run on unbindable
------
TEST_DIR/410 SCRATCH_DEV
mpA SCRATCH_DEV
mpB SCRATCH_DEV
======
make-private a shared mount
before make-private run on shared
------
TEST_DIR/410 SCRATCH_DEV
mpA SCRATCH_DEV
mpA/dir SCRATCH_DEV
mpB SCRATCH_DEV
mpB/dir SCRATCH_DEV
mpC SCRATCH_DEV
mpC/dir SCRATCH_DEV
======
------
TEST_DIR/410 SCRATCH_DEV
mpA SCRATCH_DEV
mpA/dir SCRATCH_DEV
mpB SCRATCH_DEV
mpB/dir SCRATCH_DEV
mpC SCRATCH_DEV
mpC/dir SCRATCH_DEV
======
------
TEST_DIR/410 SCRATCH_DEV
mpA SCRATCH_DEV
mpA/dir SCRATCH_DEV
mpB SCRATCH_DEV
mpB/dir SCRATCH_DEV
mpC SCRATCH_DEV
mpC/dir SCRATCH_DEV
======
after make-private run on shared
------
TEST_DIR/410 SCRATCH_DEV
mpA SCRATCH_DEV
mpA/dir SCRATCH_DEV
mpB SCRATCH_DEV
mpC SCRATCH_DEV
======
------
TEST_DIR/410 SCRATCH_DEV
mpA SCRATCH_DEV
mpB SCRATCH_DEV
mpB/dir SCRATCH_DEV
mpC SCRATCH_DEV
======
------
TEST_DIR/410 SCRATCH_DEV
mpA SCRATCH_DEV
mpB SCRATCH_DEV
mpC SCRATCH_DEV
mpC/dir SCRATCH_DEV
======
make-private a slave mount
before make-private run on slave
------
TEST_DIR/410 SCRATCH_DEV
mpA SCRATCH_DEV
mpA/dir SCRATCH_DEV
mpB SCRATCH_DEV
mpB/dir SCRATCH_DEV
mpC SCRATCH_DEV
mpC/dir SCRATCH_DEV
======
------
TEST_DIR/410 SCRATCH_DEV
mpA SCRATCH_DEV
mpB SCRATCH_DEV
mpB/dir SCRATCH_DEV
mpC SCRATCH_DEV
======
------
TEST_DIR/410 SCRATCH_DEV
mpA SCRATCH_DEV
mpB SCRATCH_DEV
mpC SCRATCH_DEV
mpC/dir SCRATCH_DEV
======
after make-private run on slave
------
TEST_DIR/410 SCRATCH_DEV
mpA SCRATCH_DEV
mpA/dir SCRATCH_DEV
mpB SCRATCH_DEV
mpC SCRATCH_DEV
======
------
TEST_DIR/410 SCRATCH_DEV
mpA SCRATCH_DEV
mpB SCRATCH_DEV
mpB/dir SCRATCH_DEV
mpC SCRATCH_DEV
======
------
TEST_DIR/410 SCRATCH_DEV
mpA SCRATCH_DEV
mpB SCRATCH_DEV
mpC SCRATCH_DEV
mpC/dir SCRATCH_DEV
======
make-private a slave shared mount
before make-private run on slave shared
------
TEST_DIR/410 SCRATCH_DEV
mpA SCRATCH_DEV
mpA/dir SCRATCH_DEV
mpB SCRATCH_DEV
mpB/dir SCRATCH_DEV
mpC SCRATCH_DEV
mpC/dir SCRATCH_DEV
======
------
TEST_DIR/410 SCRATCH_DEV
mpA SCRATCH_DEV
mpB SCRATCH_DEV
mpB/dir SCRATCH_DEV
mpC SCRATCH_DEV
mpC/dir SCRATCH_DEV
======
------
TEST_DIR/410 SCRATCH_DEV
mpA SCRATCH_DEV
mpB SCRATCH_DEV
mpB/dir SCRATCH_DEV
mpC SCRATCH_DEV
mpC/dir SCRATCH_DEV
======
after make-private run on slave shared
------
TEST_DIR/410 SCRATCH_DEV
mpA SCRATCH_DEV
mpA/dir SCRATCH_DEV
mpB SCRATCH_DEV
mpC SCRATCH_DEV
======
------
TEST_DIR/410 SCRATCH_DEV
mpA SCRATCH_DEV
mpB SCRATCH_DEV
mpB/dir SCRATCH_DEV
mpC SCRATCH_DEV
======
------
TEST_DIR/410 SCRATCH_DEV
mpA SCRATCH_DEV
mpB SCRATCH_DEV
mpC SCRATCH_DEV
mpC/dir SCRATCH_DEV
======
make-private a private mount
before make-private run on private
------
TEST_DIR/410 SCRATCH_DEV
mpA SCRATCH_DEV
mpA/dir SCRATCH_DEV
mpB SCRATCH_DEV
mpC SCRATCH_DEV
======
------
TEST_DIR/410 SCRATCH_DEV
mpA SCRATCH_DEV
mpB SCRATCH_DEV
mpB/dir SCRATCH_DEV
mpC SCRATCH_DEV
======
------
TEST_DIR/410 SCRATCH_DEV
mpA SCRATCH_DEV
mpB SCRATCH_DEV
mpC SCRATCH_DEV
mpC/dir SCRATCH_DEV
======
after make-private run on private
------
TEST_DIR/410 SCRATCH_DEV
mpA SCRATCH_DEV
mpA/dir SCRATCH_DEV
mpB SCRATCH_DEV
mpC SCRATCH_DEV
======
------
TEST_DIR/410 SCRATCH_DEV
mpA SCRATCH_DEV
mpB SCRATCH_DEV
mpB/dir SCRATCH_DEV
mpC SCRATCH_DEV
======
------
TEST_DIR/410 SCRATCH_DEV
mpA SCRATCH_DEV
mpB SCRATCH_DEV
mpC SCRATCH_DEV
mpC/dir SCRATCH_DEV
======
make-private a unbindable mount
before make-private run on unbindable
------
TEST_DIR/410 SCRATCH_DEV
mpA SCRATCH_DEV
mpB SCRATCH_DEV
======
after make-private run on unbindable
------
TEST_DIR/410 SCRATCH_DEV
mpA SCRATCH_DEV
mpA/dir SCRATCH_DEV
mpB SCRATCH_DEV
mpC SCRATCH_DEV
======
------
TEST_DIR/410 SCRATCH_DEV
mpA SCRATCH_DEV
mpB SCRATCH_DEV
mpB/dir SCRATCH_DEV
mpC SCRATCH_DEV
======
------
TEST_DIR/410 SCRATCH_DEV
mpA SCRATCH_DEV
mpB SCRATCH_DEV
mpC SCRATCH_DEV
mpC/dir SCRATCH_DEV
======
make-unbindable a shared mount
before make-unbindable run on shared
------
TEST_DIR/410 SCRATCH_DEV
mpA SCRATCH_DEV
mpA/dir SCRATCH_DEV
mpB SCRATCH_DEV
mpB/dir SCRATCH_DEV
mpC SCRATCH_DEV
mpC/dir SCRATCH_DEV
======
------
TEST_DIR/410 SCRATCH_DEV
mpA SCRATCH_DEV
mpA/dir SCRATCH_DEV
mpB SCRATCH_DEV
mpB/dir SCRATCH_DEV
mpC SCRATCH_DEV
mpC/dir SCRATCH_DEV
======
------
TEST_DIR/410 SCRATCH_DEV
mpA SCRATCH_DEV
mpA/dir SCRATCH_DEV
mpB SCRATCH_DEV
mpB/dir SCRATCH_DEV
mpC SCRATCH_DEV
mpC/dir SCRATCH_DEV
======
after make-unbindable run on shared
------
TEST_DIR/410 SCRATCH_DEV
mpA SCRATCH_DEV
mpB SCRATCH_DEV
======
make-unbindable a slave mount
before make-unbindable run on slave
------
TEST_DIR/410 SCRATCH_DEV
mpA SCRATCH_DEV
mpA/dir SCRATCH_DEV
mpB SCRATCH_DEV
mpB/dir SCRATCH_DEV
mpC SCRATCH_DEV
mpC/dir SCRATCH_DEV
======
------
TEST_DIR/410 SCRATCH_DEV
mpA SCRATCH_DEV
mpB SCRATCH_DEV
mpB/dir SCRATCH_DEV
mpC SCRATCH_DEV
======
------
TEST_DIR/410 SCRATCH_DEV
mpA SCRATCH_DEV
mpB SCRATCH_DEV
mpC SCRATCH_DEV
mpC/dir SCRATCH_DEV
======
after make-unbindable run on slave
------
TEST_DIR/410 SCRATCH_DEV
mpA SCRATCH_DEV
mpB SCRATCH_DEV
======
make-unbindable a slave shared mount
before make-unbindable run on slave shared
------
TEST_DIR/410 SCRATCH_DEV
mpA SCRATCH_DEV
mpA/dir SCRATCH_DEV
mpB SCRATCH_DEV
mpB/dir SCRATCH_DEV
mpC SCRATCH_DEV
mpC/dir SCRATCH_DEV
======
------
TEST_DIR/410 SCRATCH_DEV
mpA SCRATCH_DEV
mpB SCRATCH_DEV
mpB/dir SCRATCH_DEV
mpC SCRATCH_DEV
mpC/dir SCRATCH_DEV
======
------
TEST_DIR/410 SCRATCH_DEV
mpA SCRATCH_DEV
mpB SCRATCH_DEV
mpB/dir SCRATCH_DEV
mpC SCRATCH_DEV
mpC/dir SCRATCH_DEV
======
after make-unbindable run on slave shared
------
TEST_DIR/410 SCRATCH_DEV
mpA SCRATCH_DEV
mpB SCRATCH_DEV
======
make-unbindable a private mount
before make-unbindable run on private
------
TEST_DIR/410 SCRATCH_DEV
mpA SCRATCH_DEV
mpA/dir SCRATCH_DEV
mpB SCRATCH_DEV
mpC SCRATCH_DEV
======
------
TEST_DIR/410 SCRATCH_DEV
mpA SCRATCH_DEV
mpB SCRATCH_DEV
mpB/dir SCRATCH_DEV
mpC SCRATCH_DEV
======
------
TEST_DIR/410 SCRATCH_DEV
mpA SCRATCH_DEV
mpB SCRATCH_DEV
mpC SCRATCH_DEV
mpC/dir SCRATCH_DEV
======
after make-unbindable run on private
------
TEST_DIR/410 SCRATCH_DEV
mpA SCRATCH_DEV
mpB SCRATCH_DEV
======
make-unbindable a unbindable mount
before make-unbindable run on unbindable
------
TEST_DIR/410 SCRATCH_DEV
mpA SCRATCH_DEV
mpB SCRATCH_DEV
======
after make-unbindable run on unbindable
------
TEST_DIR/410 SCRATCH_DEV
mpA SCRATCH_DEV
mpB SCRATCH_DEV
======
