QA output created by 411
------
TEST_DIR/411 SCRATCH_DEV
mpA SCRATCH_DEV
mpA/mnt1 SCRATCH_DEV
mpB SCRATCH_DEV
mpB/mnt1 SCRATCH_DEV
mpB/mnt1/mnt2 SCRATCH_DEV
mpC SCRATCH_DEV
mpC/mnt1 SCRATCH_DEV
======
crash test passed
