QA output created by 054
0
LAST:32
ROOT_INO
ROOT_INO:32
NEXT
NEXT:32
NEXT:32
0
0
0
0
0
