QA output created by 133
Format and mount
Corrupt filesystem
Remount, try to append
Write did not succeed (ok).
