QA output created by 138
Test with -c
magicnum = XFS_MAGIC
This is file A 
This is file B 
magicnum = XFS_MAGIC
Test with interactive
magicnum = XFS_MAGIC
This is file A 
This is file B 
magicnum = XFS_MAGIC
