QA output created by 270
features_ro_compat = 0x80000000
rw mount test
ro mount test
rw remount test
