QA output created by 274
Format and mount
Get fsmap
Get f1 bmap
Check f1 bmap and fsmap
Get f2 bmap
Check f2 bmap and fsmap
