QA output created by 328
Format and mount
Create a many-block file
Reflink the big file
Defrag the big file
Check extent count
