QA output created by 331
+ create scratch fs
+ mount fs image
+ make some files
