QA output created by 343
Format and mount
Create some files
Manipulate file
Check file
e45c5707fcf6817e914ffb6ce37a0ac7  SCRATCH_MNT/f1
