QA output created by 349
Format and populate
Scrub
