QA output created by 351
Format and populate
Fuzz superblock
Done fuzzing superblock
