QA output created by 354
Format and populate
Fuzz AGFL
Done fuzzing AGFL
Fuzz AGFL flfirst
Done fuzzing AGFL flfirst
