QA output created by 355
Format and populate
Fuzz AGFL
Done fuzzing AGFL
Fuzz AGFL flfirst
Done fuzzing AGFL flfirst
