QA output created by 357
Format and populate
Fuzz AGI
Done fuzzing AGI
