QA output created by 359
Format and populate
Fuzz bnobt recs
Done fuzzing bnobt recs
