QA output created by 361
Format and populate
Fuzz bnobt keyptr
Done fuzzing bnobt keyptr
