QA output created by 362
Format and populate
Fuzz cntbt
Done fuzzing cntbt
