QA output created by 366
Format and populate
Fuzz finobt
Done fuzzing finobt
