QA output created by 369
Format and populate
Fuzz rmapbt recs
Done fuzzing rmapbt recs
