QA output created by 380
Format and populate
Find bmbt block
Fuzz bmbt
Done fuzzing bmbt
