QA output created by 383
Format and populate
Find symlink remote block
Fuzz symlink remote block
Done fuzzing symlink remote block
