QA output created by 384
Format and populate
Find inline-format dir inode
Fuzz inline-format dir inode
Done fuzzing inline-format dir inode
