QA output created by 406
Format and populate
Fuzz rtrmapbt recs
Done fuzzing rtrmapbt recs
