QA output created by 408
Format and populate
Fuzz rtrmapbt keyptrs
Done fuzzing rtrmapbt keyptrs
