QA output created by 410
Format and populate
Fuzz refcountbt
Done fuzzing refcountbt
