QA output created by 417
Format and populate
Find local-format symlink inode
Fuzz inode
Done fuzzing inode
