QA output created by 131
Using free space cache
free space tree is disabled
Enabling free space tree
free space tree is enabled
Disabling free space cache and enabling free space tree
free space tree is enabled
Trying to mount without free space tree
mount failed
mount failed
Mounting existing free space tree
free space tree is enabled
free space tree is enabled
Recreating free space tree
free space tree is enabled
free space tree is enabled
Disabling free space tree
free space tree is disabled
Reverting to free space cache
free space tree is disabled
