QA output created by 141
wrote 131072/131072 bytes at offset 0
XXX Bytes, X ops; XX:XX:XX.X (XXX YYY/sec and XXX ops/sec)
wrote 65536/65536 bytes at offset 136708096
XXX Bytes, X ops; XX:XX:XX.X (XXX YYY/sec and XXX ops/sec)
08260000:  aa aa aa aa aa aa aa aa aa aa aa aa aa aa aa aa  ................
08260010:  aa aa aa aa aa aa aa aa aa aa aa aa aa aa aa aa  ................
08260020:  aa aa aa aa aa aa aa aa aa aa aa aa aa aa aa aa  ................
08260030:  aa aa aa aa aa aa aa aa aa aa aa aa aa aa aa aa  ................
08260040:  aa aa aa aa aa aa aa aa aa aa aa aa aa aa aa aa  ................
08260050:  aa aa aa aa aa aa aa aa aa aa aa aa aa aa aa aa  ................
08260060:  aa aa aa aa aa aa aa aa aa aa aa aa aa aa aa aa  ................
08260070:  aa aa aa aa aa aa aa aa aa aa aa aa aa aa aa aa  ................
08260080:  aa aa aa aa aa aa aa aa aa aa aa aa aa aa aa aa  ................
08260090:  aa aa aa aa aa aa aa aa aa aa aa aa aa aa aa aa  ................
082600a0:  aa aa aa aa aa aa aa aa aa aa aa aa aa aa aa aa  ................
082600b0:  aa aa aa aa aa aa aa aa aa aa aa aa aa aa aa aa  ................
082600c0:  aa aa aa aa aa aa aa aa aa aa aa aa aa aa aa aa  ................
082600d0:  aa aa aa aa aa aa aa aa aa aa aa aa aa aa aa aa  ................
082600e0:  aa aa aa aa aa aa aa aa aa aa aa aa aa aa aa aa  ................
082600f0:  aa aa aa aa aa aa aa aa aa aa aa aa aa aa aa aa  ................
08260100:  aa aa aa aa aa aa aa aa aa aa aa aa aa aa aa aa  ................
08260110:  aa aa aa aa aa aa aa aa aa aa aa aa aa aa aa aa  ................
08260120:  aa aa aa aa aa aa aa aa aa aa aa aa aa aa aa aa  ................
08260130:  aa aa aa aa aa aa aa aa aa aa aa aa aa aa aa aa  ................
08260140:  aa aa aa aa aa aa aa aa aa aa aa aa aa aa aa aa  ................
08260150:  aa aa aa aa aa aa aa aa aa aa aa aa aa aa aa aa  ................
08260160:  aa aa aa aa aa aa aa aa aa aa aa aa aa aa aa aa  ................
08260170:  aa aa aa aa aa aa aa aa aa aa aa aa aa aa aa aa  ................
08260180:  aa aa aa aa aa aa aa aa aa aa aa aa aa aa aa aa  ................
08260190:  aa aa aa aa aa aa aa aa aa aa aa aa aa aa aa aa  ................
082601a0:  aa aa aa aa aa aa aa aa aa aa aa aa aa aa aa aa  ................
082601b0:  aa aa aa aa aa aa aa aa aa aa aa aa aa aa aa aa  ................
082601c0:  aa aa aa aa aa aa aa aa aa aa aa aa aa aa aa aa  ................
082601d0:  aa aa aa aa aa aa aa aa aa aa aa aa aa aa aa aa  ................
082601e0:  aa aa aa aa aa aa aa aa aa aa aa aa aa aa aa aa  ................
082601f0:  aa aa aa aa aa aa aa aa aa aa aa aa aa aa aa aa  ................
read 512/512 bytes at offset 136708096
XXX Bytes, X ops; XX:XX:XX.X (XXX YYY/sec and XXX ops/sec)
