QA output created by 146
Format and mount
Test passed!
