QA output created by 015
drwxr-sr-x fsgqa
-rw-r--r-- fsgqa
drwxr-sr-x fsgqa
-rw-r--r-- fsgqa
-rw-r--r-- fsgqa
