QA output created by 032
3 100 1073745921 SCRATCH_MNT/zero
3 100 1073745921 SCRATCH_MNT/one
3 100 1073745921 SCRATCH_MNT/two
