QA output created by 035
touch: cannot touch 'SCRATCH_MNT/foo': Read-only file system
mount: cannot remount SCRATCH_DEV read-write, is write-protected
touch: cannot touch 'SCRATCH_MNT/bar': Read-only file system
mount: cannot remount SCRATCH_DEV read-write, is write-protected
